EN simple_count NULL "D:/Documents/Dropbox/On Learning/modules/current/CG3207/CG3207 Lab Materials 2012/03D - Additional VHDL Example/blink_led_vhdl/simple_count.vhd" sub00/vhpl00 1348154604
AR simple_count behavioral "D:/Documents/Dropbox/On Learning/modules/current/CG3207/CG3207 Lab Materials 2012/03D - Additional VHDL Example/blink_led_vhdl/simple_count.vhd" sub00/vhpl01 1348154605
